
> paid_resourse_seller@0.1.0 dev
> next dev -p 3000

▲ Next.js 16.2.11 (Turbopack)
- Local:         http://localhost:3000
- Network:       http://192.168.31.42:3000
- Environments: .env
✓ Ready in 541ms

 GET /admin/resources 200 in 1470ms (next.js: 137ms, proxy.ts: 1134ms, application-code: 199ms)
API Request - Category: null Search: null
 GET /api/admin/resources/analytics 200 in 624ms (next.js: 81ms, application-code: 542ms)
 POST /api/tracking 200 in 2.6s (next.js: 1013ms, application-code: 1555ms)
 GET /resource/6a9d65e82b1e05aa071172c0 200 in 1430ms (next.js: 1224ms, application-code: 207ms)
 GET /api/categories 200 in 922ms (next.js: 48ms, application-code: 874ms)
Found resources: 24 for query: {}
 GET /api/reviews?resourceId=6a9d65e82b1e05aa071172c0 200 in 258ms (next.js: 35ms, application-code: 223ms)
 GET /api/resources 200 in 1399ms (next.js: 55ms, application-code: 1344ms)
 GET /api/auth/session 200 in 1427ms (next.js: 1411ms, application-code: 16ms)
 GET /api/auth/session 200 in 37ms (next.js: 11ms, application-code: 26ms)
 GET /api/auth/session 200 in 31ms (next.js: 4ms, application-code: 27ms)
 GET /api/reviews?resourceId=6a9d65e82b1e05aa071172c0 200 in 60ms (next.js: 4ms, application-code: 56ms)
 GET /api/reviews?resourceId=6a9d65e82b1e05aa071172c0 200 in 59ms (next.js: 3ms, application-code: 56ms)
 GET /api/resources/6a9d65e82b1e05aa071172c0 200 in 1416ms (next.js: 1353ms, application-code: 63ms)
 GET /api/resources/6a9d65e82b1e05aa071172c0 200 in 62ms (next.js: 8ms, application-code: 54ms)
Skipping local IP: ::1
Skipping local IP: ::1
 GET /api/resources/6a9d65e82b1e05aa071172c0 200 in 69ms (next.js: 3ms, application-code: 66ms)
Fetching purchased resources for user ID: 6a646862b7bdcc67d763f4c7
Session user email: dsiddharth550@gmail.com
Updated location for user dsiddharth550@gmail.com: IP=::1, Country=Not detected, Action=login
 POST /api/user/location 200 in 161ms (next.js: 30ms, application-code: 132ms)
Updated location for user dsiddharth550@gmail.com: IP=::1, Country=Not detected, Action=login
 POST /api/user/location 200 in 165ms (next.js: 45ms, application-code: 120ms)
User found: dsiddharth550@gmail.com
Purchased resources count: 1
Purchased resource IDs: [ '6a8f44d4fafe8a5087a89a8e' ]
 GET /api/user/purchased-resources 200 in 154ms (next.js: 31ms, application-code: 123ms)
Fetching purchased resources for user ID: 6a646862b7bdcc67d763f4c7
Session user email: dsiddharth550@gmail.com
User found: dsiddharth550@gmail.com
Purchased resources count: 1
Purchased resource IDs: [ '6a8f44d4fafe8a5087a89a8e' ]
 GET /api/user/purchased-resources 200 in 156ms (next.js: 3ms, application-code: 153ms)
 GET /api/wishlist 200 in 179ms (next.js: 32ms, application-code: 147ms)
 GET /api/wishlist 200 in 158ms (next.js: 4ms, application-code: 154ms)
 GET / 200 in 108ms (next.js: 56ms, application-code: 52ms)
API Request - Category: null Search: null
Found resources: 24 for query: {}
 GET /api/resources 200 in 451ms (next.js: 3ms, application-code: 448ms)
 GET / 200 in 44ms (next.js: 5ms, application-code: 39ms)
 GET / 200 in 39ms (next.js: 4ms, application-code: 35ms)
 GET / 200 in 49ms (next.js: 5ms, application-code: 44ms)
 GET /api/auth/session 200 in 26ms (next.js: 11ms, application-code: 15ms)
API Request - Category: null Search: null
Found resources: 22 for query: { price: 0 }
 GET /api/resources?access=free 200 in 654ms (next.js: 3ms, application-code: 651ms)
 GET /?type=paid 200 in 22ms (next.js: 5ms, application-code: 18ms)
API Request - Category: null Search: null
Found resources: 2 for query: { price: { '$gt': 0 } }
 GET /api/resources?access=paid 200 in 110ms (next.js: 4ms, application-code: 106ms)
 GET /?type=free 200 in 21ms (next.js: 4ms, application-code: 16ms)
 GET /resource/6a9d65e82b1e05aa071172c0 200 in 140ms (next.js: 10ms, application-code: 131ms)
 GET /resource/6a9d65e82b1e05aa071172c0 200 in 117ms (next.js: 6ms, application-code: 111ms)
 GET /api/reviews?resourceId=6a9d65e82b1e05aa071172c0 200 in 54ms (next.js: 6ms, application-code: 48ms)
 GET /api/resources/6a9d65e82b1e05aa071172c0 200 in 67ms (next.js: 11ms, application-code: 56ms)
 GET /api/reviews?resourceId=6a9d65e82b1e05aa071172c0 200 in 61ms (next.js: 3ms, application-code: 59ms)
 GET /api/resources/6a9d65e82b1e05aa071172c0 200 in 62ms (next.js: 2ms, application-code: 59ms)
 POST /api/tracking 200 in 163ms (next.js: 4ms, application-code: 159ms)
 POST /api/tracking 200 in 194ms (next.js: 6ms, application-code: 187ms)
 POST /api/tracking 200 in 110ms (next.js: 7ms, application-code: 103ms)
 GET /resource/6a9d65e82b1e05aa071172c0 200 in 167ms (next.js: 20ms, application-code: 147ms)
 GET /api/reviews?resourceId=6a9d65e82b1e05aa071172c0 200 in 59ms (next.js: 6ms, application-code: 53ms)
 GET /api/auth/session 200 in 44ms (next.js: 10ms, application-code: 34ms)
 GET /api/resources/6a9d65e82b1e05aa071172c0 200 in 70ms (next.js: 8ms, application-code: 62ms)
 GET /api/reviews?resourceId=6a9d65e82b1e05aa071172c0 200 in 51ms (next.js: 3ms, application-code: 48ms)
 GET /api/resources/6a9d65e82b1e05aa071172c0 200 in 59ms (next.js: 4ms, application-code: 55ms)
 GET / 200 in 53ms (next.js: 9ms, application-code: 44ms)
 GET /api/auth/session 200 in 32ms (next.js: 10ms, application-code: 21ms)
API Request - Category: null Search: null
Found resources: 22 for query: { price: 0 }
 GET /api/resources?access=free 200 in 514ms (next.js: 5ms, application-code: 509ms)
 GET /resource/6a9d65e82b1e05aa071172c0 200 in 155ms (next.js: 11ms, application-code: 144ms)
 GET /resource/6a9d65e82b1e05aa071172c0 200 in 138ms (next.js: 7ms, application-code: 131ms)
 GET /api/reviews?resourceId=6a9d65e82b1e05aa071172c0 200 in 56ms (next.js: 6ms, application-code: 50ms)
 GET /api/resources/6a9d65e82b1e05aa071172c0 200 in 60ms (next.js: 9ms, application-code: 51ms)
 GET /api/reviews?resourceId=6a9d65e82b1e05aa071172c0 200 in 54ms (next.js: 3ms, application-code: 51ms)
 GET /api/resources/6a9d65e82b1e05aa071172c0 200 in 62ms (next.js: 3ms, application-code: 59ms)
✓ Compiled in 256ms
 GET /api/reviews?resourceId=6a9d65e82b1e05aa071172c0 200 in 352ms (next.js: 171ms, application-code: 181ms)
 GET /admin/resources 200 in 580ms (next.js: 168ms, proxy.ts: 66ms, application-code: 345ms)
 GET /api/reviews?resourceId=6a9d65e82b1e05aa071172c0 200 in 395ms (next.js: 180ms, application-code: 215ms)
 GET /resource/6a9d65e82b1e05aa071172c0 200 in 596ms (next.js: 126ms, application-code: 469ms)
 GET /resource/6a9d65e82b1e05aa071172c0 200 in 604ms (next.js: 76ms, application-code: 528ms)
 GET /api/resources/6a9d65e82b1e05aa071172c0 200 in 324ms (next.js: 54ms, application-code: 271ms)
 GET /api/resources/6a9d65e82b1e05aa071172c0 200 in 326ms (next.js: 63ms, application-code: 263ms)
 GET /admin/resources 200 in 183ms (next.js: 22ms, proxy.ts: 47ms, application-code: 114ms)
 GET /admin/resources 200 in 130ms (next.js: 7ms, proxy.ts: 33ms, application-code: 90ms)
Fetching purchased resources for user ID: 6a646862b7bdcc67d763f4c7
Session user email: dsiddharth550@gmail.com
 GET /resource/6a9d65e82b1e05aa071172c0 200 in 471ms (next.js: 7ms, application-code: 464ms)
 GET /resource/6a9d65e82b1e05aa071172c0 200 in 505ms (next.js: 36ms, application-code: 469ms)
 GET /resource/6a9d65e82b1e05aa071172c0 200 in 445ms (next.js: 8ms, application-code: 436ms)
 GET /resource/6a9d65e82b1e05aa071172c0 200 in 470ms (next.js: 10ms, application-code: 460ms)
User found: dsiddharth550@gmail.com
Purchased resources count: 1
Purchased resource IDs: [ '6a8f44d4fafe8a5087a89a8e' ]
 GET /api/user/purchased-resources 200 in 513ms (next.js: 28ms, application-code: 485ms)
 POST /api/tracking 200 in 1518ms (next.js: 128ms, application-code: 1390ms)
 GET /api/wishlist 200 in 673ms (next.js: 31ms, application-code: 642ms)
Skipping local IP: ::1
Skipping local IP: ::1
 POST /api/tracking 200 in 1959ms (next.js: 141ms, application-code: 1818ms)
Updated location for user dsiddharth550@gmail.com: IP=::1, Country=Not detected, Action=login
 POST /api/user/location 200 in 523ms (next.js: 3ms, application-code: 519ms)
Updated location for user dsiddharth550@gmail.com: IP=::1, Country=Not detected, Action=login
 POST /api/user/location 200 in 566ms (next.js: 27ms, application-code: 539ms)
 GET /resource/6a9d65e82b1e05aa071172c0 200 in 194ms (next.js: 17ms, application-code: 177ms)
 POST /api/tracking 200 in 119ms (next.js: 4ms, application-code: 115ms)
 POST /api/tracking 200 in 170ms (next.js: 5ms, application-code: 165ms)
 POST /api/tracking 200 in 181ms (next.js: 3ms, application-code: 178ms)
 GET /resource/6a9d65e82b1e05aa071172c0 200 in 163ms (next.js: 9ms, application-code: 154ms)
 GET /api/reviews?resourceId=6a9d65e82b1e05aa071172c0 200 in 69ms (next.js: 3ms, application-code: 66ms)
 GET /api/auth/session 200 in 75ms (next.js: 47ms, application-code: 28ms)
 GET /api/resources/6a9d65e82b1e05aa071172c0 200 in 77ms (next.js: 8ms, application-code: 69ms)
 GET /api/reviews?resourceId=6a9d65e82b1e05aa071172c0 200 in 61ms (next.js: 3ms, application-code: 57ms)
 GET /api/resources/6a9d65e82b1e05aa071172c0 200 in 65ms (next.js: 3ms, application-code: 62ms)
API Request - Category: null Search: null
Found resources: 24 for query: {}
 GET /api/resources?limit=30 200 in 561ms (next.js: 58ms, application-code: 503ms)
 POST /api/tracking 200 in 113ms (next.js: 8ms, application-code: 106ms)
 POST /api/tracking 200 in 190ms (next.js: 3ms, application-code: 187ms)
 POST /api/tracking 200 in 209ms (next.js: 4ms, application-code: 204ms)
 GET /resource/6a9983c9073435128d767489 200 in 197ms (next.js: 18ms, application-code: 180ms)
 GET /api/reviews?resourceId=6a9983c9073435128d767489 200 in 80ms (next.js: 6ms, application-code: 75ms)
 GET /api/auth/session 200 in 44ms (next.js: 16ms, application-code: 28ms)
 GET /api/resources/6a9983c9073435128d767489 200 in 82ms (next.js: 16ms, application-code: 67ms)
 GET /api/reviews?resourceId=6a9983c9073435128d767489 200 in 65ms (next.js: 6ms, application-code: 59ms)
 GET /api/resources/6a9983c9073435128d767489 200 in 70ms (next.js: 6ms, application-code: 64ms)
 GET /resource/6a9d65e82b1e05aa071172c0 200 in 163ms (next.js: 18ms, application-code: 145ms)
 POST /api/tracking 200 in 183ms (next.js: 3ms, application-code: 180ms)
 POST /api/tracking 200 in 167ms (next.js: 3ms, application-code: 164ms)
 POST /api/tracking 200 in 113ms (next.js: 4ms, application-code: 109ms)
 GET /api/reviews?resourceId=6a9d65e82b1e05aa071172c0 200 in 69ms (next.js: 5ms, application-code: 64ms)
 GET /api/auth/session 200 in 40ms (next.js: 11ms, application-code: 29ms)
 GET /api/resources/6a9d65e82b1e05aa071172c0 200 in 74ms (next.js: 10ms, application-code: 64ms)
 GET /api/reviews?resourceId=6a9d65e82b1e05aa071172c0 200 in 70ms (next.js: 4ms, application-code: 66ms)
 GET /api/resources/6a9d65e82b1e05aa071172c0 200 in 65ms (next.js: 4ms, application-code: 61ms)
 GET / 200 in 134ms (next.js: 30ms, application-code: 105ms)
API Request - Category: null Search: null
 GET /api/auth/session 200 in 51ms (next.js: 17ms, application-code: 34ms)
Skipping local IP: ::1
Found resources: 22 for query: { price: 0 }
 GET /api/auth/session 200 in 46ms (next.js: 7ms, application-code: 39ms)
 GET /api/auth/session 200 in 20ms (next.js: 5ms, application-code: 15ms)
Updated location for user dsiddharth550@gmail.com: IP=::1, Country=Not detected, Action=login
 POST /api/user/location 200 in 229ms (next.js: 5ms, application-code: 224ms)
 POST /api/tracking/user-activity 200 in 235ms (next.js: 98ms, application-code: 137ms)
Skipping local IP: ::1
 GET /api/reviews?resourceId=6a9d65e82b1e05aa071172c0 200 in 59ms (next.js: 4ms, application-code: 55ms)
 GET /api/resources/6a9d65e82b1e05aa071172c0 200 in 71ms (next.js: 18ms, application-code: 52ms)
Updated location for user dsiddharth550@gmail.com: IP=::1, Country=Not detected, Action=login
 POST /api/user/location 200 in 127ms (next.js: 4ms, application-code: 123ms)
Fetching purchased resources for user ID: 6a646862b7bdcc67d763f4c7
Session user email: dsiddharth550@gmail.com
User found: dsiddharth550@gmail.com
Purchased resources count: 1
Purchased resource IDs: [ '6a8f44d4fafe8a5087a89a8e' ]
 GET /api/user/purchased-resources 200 in 144ms (next.js: 8ms, application-code: 136ms)
 GET /api/resources?access=free 200 in 557ms (next.js: 5ms, application-code: 552ms)
 GET /api/wishlist 200 in 177ms (next.js: 6ms, application-code: 171ms)
 GET /api/wishlist 200 in 185ms (next.js: 7ms, application-code: 179ms)
 GET /api/wishlist 200 in 155ms (next.js: 5ms, application-code: 150ms)
 GET /api/wishlist 200 in 168ms (next.js: 6ms, application-code: 162ms)
 GET /api/wishlist 200 in 197ms (next.js: 6ms, application-code: 190ms)
 GET /api/auth/session 200 in 40ms (next.js: 19ms, application-code: 21ms)
 GET /api/wishlist 200 in 197ms (next.js: 6ms, application-code: 191ms)
 GET /api/auth/session 200 in 36ms (next.js: 5ms, application-code: 31ms)
 GET /api/auth/session 200 in 29ms (next.js: 4ms, application-code: 24ms)
Skipping local IP: ::1
Skipping local IP: ::1
 GET /api/reviews?resourceId=6a9d65e82b1e05aa071172c0 200 in 87ms (next.js: 28ms, application-code: 59ms)
 GET /api/wishlist 200 in 192ms (next.js: 10ms, application-code: 182ms)
 GET /api/resources/6a9d65e82b1e05aa071172c0 200 in 72ms (next.js: 6ms, application-code: 66ms)
Updated location for user dsiddharth550@gmail.com: IP=::1, Country=Not detected, Action=login
 POST /api/user/location 200 in 135ms (next.js: 13ms, application-code: 121ms)
Fetching purchased resources for user ID: 6a646862b7bdcc67d763f4c7
Session user email: dsiddharth550@gmail.com
Updated location for user dsiddharth550@gmail.com: IP=::1, Country=Not detected, Action=login
 POST /api/user/location 200 in 127ms (next.js: 6ms, application-code: 121ms)
User found: dsiddharth550@gmail.com
Purchased resources count: 1
Purchased resource IDs: [ '6a8f44d4fafe8a5087a89a8e' ]
 GET /api/user/purchased-resources 200 in 127ms (next.js: 11ms, application-code: 117ms)
 GET /api/wishlist 200 in 182ms (next.js: 5ms, application-code: 177ms)
 GET /api/wishlist 200 in 177ms (next.js: 6ms, application-code: 171ms)
 GET /api/wishlist 200 in 201ms (next.js: 8ms, application-code: 193ms)
 GET /api/wishlist 200 in 191ms (next.js: 6ms, application-code: 185ms)
 GET /api/wishlist 200 in 188ms (next.js: 7ms, application-code: 181ms)
 GET /api/wishlist 200 in 178ms (next.js: 6ms, application-code: 173ms)
 GET /api/wishlist 200 in 181ms (next.js: 7ms, application-code: 174ms)
 GET /api/wishlist 200 in 186ms (next.js: 8ms, application-code: 178ms)
 GET /api/wishlist 200 in 176ms (next.js: 11ms, application-code: 165ms)
 GET /api/wishlist 200 in 227ms (next.js: 6ms, application-code: 221ms)
 GET /api/wishlist 200 in 195ms (next.js: 5ms, application-code: 190ms)
 GET /api/wishlist 200 in 185ms (next.js: 5ms, application-code: 180ms)
 GET /api/wishlist 200 in 186ms (next.js: 7ms, application-code: 178ms)
 GET /api/wishlist 200 in 182ms (next.js: 10ms, application-code: 172ms)
 GET /api/wishlist 200 in 192ms (next.js: 5ms, application-code: 186ms)
 GET /api/wishlist 200 in 193ms (next.js: 5ms, application-code: 188ms)
 GET /api/wishlist 200 in 161ms (next.js: 6ms, application-code: 154ms)
 GET /api/admin/resources/6a9d65e82b1e05aa071172c0/analytics 200 in 1459ms (next.js: 1334ms, application-code: 125ms)
 GET /api/wishlist 200 in 199ms (next.js: 6ms, application-code: 193ms)
 GET /api/wishlist 200 in 177ms (next.js: 5ms, application-code: 172ms)
 GET /api/wishlist 200 in 181ms (next.js: 10ms, application-code: 172ms)
 GET /api/wishlist 200 in 162ms (next.js: 6ms, application-code: 156ms)
 GET /api/wishlist 200 in 190ms (next.js: 6ms, application-code: 185ms)
 GET /api/wishlist 200 in 153ms (next.js: 3ms, application-code: 151ms)
 GET /api/wishlist 200 in 198ms (next.js: 4ms, application-code: 193ms)
 GET /api/wishlist 200 in 176ms (next.js: 6ms, application-code: 170ms)
 GET /api/wishlist 200 in 169ms (next.js: 2ms, application-code: 166ms)
 GET /api/wishlist 200 in 204ms (next.js: 4ms, application-code: 199ms)
 GET /api/wishlist 200 in 180ms (next.js: 11ms, application-code: 170ms)
 GET /api/wishlist 200 in 188ms (next.js: 7ms, application-code: 181ms)
 GET /api/wishlist 200 in 166ms (next.js: 4ms, application-code: 162ms)
 GET /api/wishlist 200 in 186ms (next.js: 6ms, application-code: 180ms)
 GET /api/wishlist 200 in 167ms (next.js: 6ms, application-code: 161ms)
 GET /api/wishlist 200 in 185ms (next.js: 6ms, application-code: 179ms)
 GET /api/wishlist 200 in 185ms (next.js: 6ms, application-code: 179ms)
 GET /api/wishlist 200 in 202ms (next.js: 4ms, application-code: 198ms)
 GET /api/wishlist 200 in 193ms (next.js: 6ms, application-code: 186ms)
 GET /api/wishlist 200 in 466ms (next.js: 7ms, application-code: 460ms)
 GET /api/wishlist 200 in 188ms (next.js: 12ms, application-code: 176ms)
 GET /api/wishlist 200 in 197ms (next.js: 6ms, application-code: 191ms)
 GET /api/wishlist 200 in 195ms (next.js: 5ms, application-code: 190ms)
 GET /api/wishlist 200 in 188ms (next.js: 4ms, application-code: 184ms)
 GET /api/wishlist 200 in 189ms (next.js: 5ms, application-code: 184ms)
 GET /api/wishlist 200 in 195ms (next.js: 5ms, application-code: 190ms)
 GET /api/wishlist 200 in 187ms (next.js: 8ms, application-code: 178ms)
 GET /api/wishlist 200 in 188ms (next.js: 6ms, application-code: 181ms)
 GET /api/wishlist 200 in 186ms (next.js: 10ms, application-code: 175ms)
 GET /api/wishlist 200 in 188ms (next.js: 2ms, application-code: 186ms)
 GET /api/wishlist 200 in 177ms (next.js: 4ms, application-code: 173ms)
 GET /api/wishlist 200 in 189ms (next.js: 3ms, application-code: 186ms)
 GET /api/wishlist 200 in 187ms (next.js: 4ms, application-code: 183ms)
 GET /api/wishlist 200 in 196ms (next.js: 8ms, application-code: 188ms)
 GET /api/wishlist 200 in 186ms (next.js: 4ms, application-code: 182ms)
 GET /api/wishlist 200 in 172ms (next.js: 6ms, application-code: 166ms)
 GET /api/wishlist 200 in 181ms (next.js: 5ms, application-code: 176ms)
 GET /api/wishlist 200 in 160ms (next.js: 5ms, application-code: 155ms)
 GET /api/wishlist 200 in 164ms (next.js: 5ms, application-code: 159ms)
 GET /api/wishlist 200 in 182ms (next.js: 4ms, application-code: 178ms)
 GET /api/wishlist 200 in 181ms (next.js: 5ms, application-code: 176ms)
 GET /api/wishlist 200 in 174ms (next.js: 7ms, application-code: 167ms)
 GET /api/wishlist 200 in 189ms (next.js: 4ms, application-code: 185ms)
 GET /api/wishlist 200 in 169ms (next.js: 3ms, application-code: 166ms)
Updating resource with images: [
  'https://res.cloudinary.com/yprowssd/image/upload/v1788700121/resource-thumbnails/nzboqwqknncttafnhuwo.jpg'
]
Updated resource images: [
  'https://res.cloudinary.com/yprowssd/image/upload/v1788700121/resource-thumbnails/nzboqwqknncttafnhuwo.jpg'
]
 PUT /api/resources/6a9d65e82b1e05aa071172c0 200 in 89ms (next.js: 13ms, application-code: 76ms)
 GET /resource/6a9d65e82b1e05aa071172c0 200 in 199ms (next.js: 20ms, application-code: 179ms)
 GET /api/reviews?resourceId=6a9d65e82b1e05aa071172c0 200 in 71ms (next.js: 8ms, application-code: 64ms)
 GET /api/auth/session 200 in 57ms (next.js: 35ms, application-code: 23ms)
 GET /api/resources/6a9d65e82b1e05aa071172c0 200 in 108ms (next.js: 12ms, application-code: 96ms)
 GET /api/auth/session 200 in 37ms (next.js: 12ms, application-code: 25ms)
 GET /api/reviews?resourceId=6a9d65e82b1e05aa071172c0 200 in 74ms (next.js: 23ms, application-code: 52ms)
Skipping local IP: ::1
Skipping local IP: ::1
 POST /api/tracking/user-activity 200 in 160ms (next.js: 10ms, application-code: 150ms)
Skipping local IP: ::1
 GET /api/resources/6a9d65e82b1e05aa071172c0 200 in 102ms (next.js: 7ms, application-code: 94ms)
 GET /api/auth/session 200 in 91ms (next.js: 39ms, application-code: 52ms)
Updated location for user dsiddharth550@gmail.com: IP=::1, Country=Not detected, Action=login
 POST /api/user/location 200 in 137ms (next.js: 25ms, application-code: 111ms)
Updated location for user dsiddharth550@gmail.com: IP=::1, Country=Not detected, Action=login
 POST /api/user/location 200 in 143ms (next.js: 8ms, application-code: 134ms)
Fetching purchased resources for user ID: 6a646862b7bdcc67d763f4c7
Session user email: dsiddharth550@gmail.com
Updated location for user dsiddharth550@gmail.com: IP=::1, Country=Not detected, Action=login
 POST /api/user/location 200 in 136ms (next.js: 23ms, application-code: 113ms)
 GET /api/reviews?resourceId=6a9d65e82b1e05aa071172c0 200 in 92ms (next.js: 16ms, application-code: 76ms)
Skipping local IP: ::1
 GET /api/resources/6a9d65e82b1e05aa071172c0 200 in 96ms (next.js: 15ms, application-code: 81ms)
 GET /api/auth/session 200 in 33ms (next.js: 5ms, application-code: 27ms)
User found: dsiddharth550@gmail.com
Purchased resources count: 1
Purchased resource IDs: [ '6a8f44d4fafe8a5087a89a8e' ]
 GET /api/user/purchased-resources 200 in 152ms (next.js: 6ms, application-code: 146ms)
Updated location for user dsiddharth550@gmail.com: IP=::1, Country=Not detected, Action=login
 POST /api/user/location 200 in 127ms (next.js: 15ms, application-code: 111ms)
Fetching purchased resources for user ID: 6a646862b7bdcc67d763f4c7
Session user email: dsiddharth550@gmail.com
 GET /api/wishlist 200 in 205ms (next.js: 14ms, application-code: 191ms)
User found: dsiddharth550@gmail.com
Purchased resources count: 1
Purchased resource IDs: [ '6a8f44d4fafe8a5087a89a8e' ]
 GET /api/user/purchased-resources 200 in 211ms (next.js: 6ms, application-code: 205ms)
 GET /api/wishlist 200 in 217ms (next.js: 5ms, application-code: 212ms)
 GET /api/wishlist 200 in 173ms (next.js: 7ms, application-code: 166ms)
 GET /api/wishlist 200 in 197ms (next.js: 6ms, application-code: 191ms)
 GET /api/wishlist 200 in 184ms (next.js: 5ms, application-code: 178ms)
 GET /api/wishlist 200 in 176ms (next.js: 7ms, application-code: 169ms)
 GET /api/wishlist 200 in 177ms (next.js: 5ms, application-code: 172ms)
 GET /api/wishlist 200 in 185ms (next.js: 7ms, application-code: 178ms)
 GET /api/wishlist 200 in 188ms (next.js: 10ms, application-code: 178ms)
 GET /api/wishlist 200 in 189ms (next.js: 5ms, application-code: 184ms)
 GET /api/wishlist 200 in 185ms (next.js: 6ms, application-code: 179ms)
 GET /api/wishlist 200 in 179ms (next.js: 3ms, application-code: 176ms)
 GET /api/wishlist 200 in 187ms (next.js: 7ms, application-code: 180ms)
 GET /api/wishlist 200 in 187ms (next.js: 6ms, application-code: 182ms)
 GET /api/wishlist 200 in 172ms (next.js: 5ms, application-code: 167ms)
 GET /api/wishlist 200 in 193ms (next.js: 6ms, application-code: 187ms)
 GET /api/wishlist 200 in 198ms (next.js: 4ms, application-code: 194ms)
 GET /api/wishlist 200 in 180ms (next.js: 7ms, application-code: 173ms)
 GET /api/wishlist 200 in 177ms (next.js: 6ms, application-code: 171ms)
 GET /api/wishlist 200 in 187ms (next.js: 5ms, application-code: 182ms)
 GET /api/wishlist 200 in 176ms (next.js: 9ms, application-code: 166ms)
 GET /api/wishlist 200 in 186ms (next.js: 5ms, application-code: 181ms)
 GET /api/wishlist 200 in 207ms (next.js: 4ms, application-code: 203ms)
 GET /api/wishlist 200 in 165ms (next.js: 3ms, application-code: 162ms)
 POST /api/tracking 200 in 10ms (next.js: 4ms, application-code: 7ms)
 GET /api/auth/session 200 in 20ms (next.js: 10ms, application-code: 10ms)
 GET /api/auth/session 200 in 25ms (next.js: 13ms, application-code: 12ms)
Skipping local IP: ::1
 GET /api/auth/session 200 in 52ms (next.js: 4ms, application-code: 48ms)
 GET /api/reviews?resourceId=6a9d65e82b1e05aa071172c0 200 in 91ms (next.js: 26ms, application-code: 66ms)
 GET /api/auth/session 200 in 31ms (next.js: 3ms, application-code: 28ms)
Updated location for user dsiddharth550@gmail.com: IP=::1, Country=Not detected, Action=login
 POST /api/user/location 200 in 116ms (next.js: 5ms, application-code: 111ms)
 GET /api/resources/6a9d65e82b1e05aa071172c0 200 in 78ms (next.js: 12ms, application-code: 66ms)
 GET /api/auth/session 200 in 25ms (next.js: 4ms, application-code: 21ms)
Fetching purchased resources for user ID: 6a646862b7bdcc67d763f4c7
Session user email: dsiddharth550@gmail.com
Skipping local IP: ::1
Skipping local IP: ::1
 GET /api/reviews?resourceId=6a9d65e82b1e05aa071172c0 200 in 66ms (next.js: 16ms, application-code: 50ms)
User found: dsiddharth550@gmail.com
Purchased resources count: 1
Purchased resource IDs: [ '6a8f44d4fafe8a5087a89a8e' ]
 GET /api/user/purchased-resources 200 in 127ms (next.js: 4ms, application-code: 124ms)
 GET /api/resources/6a9d65e82b1e05aa071172c0 200 in 65ms (next.js: 6ms, application-code: 60ms)
Updated location for user dsiddharth550@gmail.com: IP=::1, Country=Not detected, Action=login
 POST /api/user/location 200 in 114ms (next.js: 6ms, application-code: 108ms)
Updated location for user dsiddharth550@gmail.com: IP=::1, Country=Not detected, Action=login
 POST /api/user/location 200 in 112ms (next.js: 11ms, application-code: 102ms)
Fetching purchased resources for user ID: 6a646862b7bdcc67d763f4c7
Session user email: dsiddharth550@gmail.com
 GET /api/wishlist 200 in 152ms (next.js: 5ms, application-code: 146ms)
User found: dsiddharth550@gmail.com
Purchased resources count: 1
Purchased resource IDs: [ '6a8f44d4fafe8a5087a89a8e' ]
 GET /api/user/purchased-resources 200 in 124ms (next.js: 4ms, application-code: 121ms)
 GET /api/wishlist 200 in 156ms (next.js: 4ms, application-code: 151ms)
 GET /api/auth/session 200 in 43ms (next.js: 5ms, application-code: 39ms)
 GET /api/wishlist 200 in 170ms (next.js: 6ms, application-code: 163ms)
 GET /api/wishlist 200 in 184ms (next.js: 5ms, application-code: 179ms)
 GET /api/wishlist 200 in 184ms (next.js: 2ms, application-code: 182ms)
 GET /api/wishlist 200 in 182ms (next.js: 5ms, application-code: 177ms)
 GET /api/wishlist 200 in 190ms (next.js: 4ms, application-code: 186ms)
 GET /api/wishlist 200 in 194ms (next.js: 5ms, application-code: 189ms)
 GET /api/wishlist 200 in 329ms (next.js: 4ms, application-code: 325ms)
 GET /api/wishlist 200 in 500ms (next.js: 3ms, application-code: 497ms)
 GET /admin/revenue 200 in 102ms (next.js: 44ms, proxy.ts: 12ms, application-code: 46ms)
 GET /api/wishlist 200 in 245ms (next.js: 7ms, application-code: 238ms)
 GET /api/admin/revenue 200 in 189ms (next.js: 64ms, application-code: 125ms)
 GET /admin/users 200 in 89ms (next.js: 41ms, proxy.ts: 5ms, application-code: 42ms)
 GET /api/admin/revenue 200 in 222ms (next.js: 6ms, application-code: 216ms)
 GET /api/wishlist 200 in 298ms (next.js: 12ms, application-code: 286ms)
 GET /api/admin/users?q= 200 in 184ms (next.js: 61ms, application-code: 123ms)
 GET /api/wishlist 200 in 157ms (next.js: 4ms, application-code: 153ms)
 GET /api/wishlist 200 in 187ms (next.js: 13ms, application-code: 174ms)
 GET /admin/payment-captures 200 in 99ms (next.js: 55ms, proxy.ts: 6ms, application-code: 38ms)
🔍 Fetching failed captures with Razorpay order IDs
🔍 Fetching pending captures with Razorpay order IDs
 GET /api/wishlist 200 in 359ms (next.js: 7ms, application-code: 352ms)
✅ Found 0 failed captures
 GET /api/admin/payment-captures?type=failed&limit=100 200 in 183ms (next.js: 111ms, application-code: 72ms)
✅ Found 0 pending captures
 GET /api/admin/payment-captures?type=pending&limit=100 200 in 185ms (next.js: 120ms, application-code: 65ms)
🔍 Fetching failed captures with Razorpay order IDs
🔍 Fetching pending captures with Razorpay order IDs
✅ Found 0 failed captures
 GET /api/admin/payment-captures?type=failed&limit=100 200 in 123ms (next.js: 7ms, application-code: 115ms)
✅ Found 0 pending captures
 GET /api/admin/payment-captures?type=pending&limit=100 200 in 125ms (next.js: 18ms, application-code: 107ms)
 GET /admin/categories 200 in 99ms (next.js: 49ms, proxy.ts: 9ms, application-code: 41ms)
 GET /api/wishlist 200 in 284ms (next.js: 5ms, application-code: 280ms)
 GET /api/categories 200 in 104ms (next.js: 50ms, application-code: 53ms)
 GET /api/wishlist 200 in 177ms (next.js: 5ms, application-code: 172ms)
 GET /api/wishlist 200 in 170ms (next.js: 4ms, application-code: 166ms)
 GET /api/wishlist 200 in 180ms (next.js: 4ms, application-code: 176ms)
 GET /api/wishlist 200 in 163ms (next.js: 4ms, application-code: 160ms)
 GET /admin/payment-captures 200 in 38ms (next.js: 6ms, proxy.ts: 8ms, application-code: 24ms)
🔍 Fetching pending captures with Razorpay order IDs
🔍 Fetching failed captures with Razorpay order IDs
✅ Found 0 failed captures
 GET /api/admin/payment-captures?type=failed&limit=100 200 in 92ms (next.js: 17ms, application-code: 75ms)
✅ Found 0 pending captures
 GET /api/admin/payment-captures?type=pending&limit=100 200 in 95ms (next.js: 5ms, application-code: 90ms)
 GET /api/wishlist 200 in 183ms (next.js: 6ms, application-code: 177ms)
🔍 Fetching pending captures with Razorpay order IDs
🔍 Fetching failed captures with Razorpay order IDs
✅ Found 0 failed captures
 GET /api/admin/payment-captures?type=failed&limit=100 200 in 93ms (next.js: 14ms, application-code: 79ms)
✅ Found 0 pending captures
 GET /api/admin/payment-captures?type=pending&limit=100 200 in 98ms (next.js: 4ms, application-code: 94ms)
 GET /api/wishlist 200 in 179ms (next.js: 23ms, application-code: 156ms)
 GET /api/wishlist 200 in 175ms (next.js: 2ms, application-code: 172ms)
 GET /admin/revenue 200 in 39ms (next.js: 7ms, proxy.ts: 6ms, application-code: 26ms)
 GET /api/wishlist 200 in 189ms (next.js: 4ms, application-code: 185ms)
 GET /api/admin/revenue 200 in 120ms (next.js: 5ms, application-code: 116ms)
 GET /api/admin/revenue 200 in 119ms (next.js: 6ms, application-code: 113ms)
 GET /admin/categories 200 in 46ms (next.js: 8ms, proxy.ts: 6ms, application-code: 32ms)
 GET /api/categories 200 in 56ms (next.js: 6ms, application-code: 50ms)
 GET /admin/coupons 200 in 86ms (next.js: 47ms, proxy.ts: 6ms, application-code: 34ms)
 GET /api/admin/coupons 200 in 299ms (next.js: 72ms, application-code: 228ms)
 GET /api/admin/resources/search?title= 200 in 304ms (next.js: 155ms, application-code: 149ms)
 GET /api/admin/categories 200 in 309ms (next.js: 232ms, application-code: 77ms)
 GET /api/admin/coupons 200 in 56ms (next.js: 5ms, application-code: 51ms)
 GET /api/admin/resources/search?title= 200 in 75ms (next.js: 9ms, application-code: 66ms)
 GET /api/admin/categories 200 in 78ms (next.js: 17ms, application-code: 61ms)
 GET /api/auth/session 200 in 42ms (next.js: 18ms, application-code: 23ms)
 GET /api/auth/session 200 in 33ms (next.js: 7ms, application-code: 27ms)
Skipping local IP: ::1
 GET /api/auth/session 200 in 44ms (next.js: 4ms, application-code: 40ms)
Skipping local IP: ::1
 GET /api/reviews?resourceId=6a9d65e82b1e05aa071172c0 200 in 113ms (next.js: 8ms, application-code: 105ms)
 GET /api/resources/6a9d65e82b1e05aa071172c0 200 in 103ms (next.js: 18ms, application-code: 85ms)
 GET /api/auth/session 200 in 75ms (next.js: 35ms, application-code: 40ms)
Updated location for user dsiddharth550@gmail.com: IP=::1, Country=Not detected, Action=login
 POST /api/user/location 200 in 182ms (next.js: 8ms, application-code: 174ms)
Fetching purchased resources for user ID: 6a646862b7bdcc67d763f4c7
Session user email: dsiddharth550@gmail.com
Skipping local IP: ::1
Updated location for user dsiddharth550@gmail.com: IP=::1, Country=Not detected, Action=login
 POST /api/user/location 200 in 154ms (next.js: 8ms, application-code: 145ms)
 GET /api/reviews?resourceId=6a9d65e82b1e05aa071172c0 200 in 77ms (next.js: 18ms, application-code: 59ms)
 GET /api/resources/6a9d65e82b1e05aa071172c0 200 in 62ms (next.js: 4ms, application-code: 58ms)
User found: dsiddharth550@gmail.com
Purchased resources count: 1
Purchased resource IDs: [ '6a8f44d4fafe8a5087a89a8e' ]
 GET /api/user/purchased-resources 200 in 147ms (next.js: 7ms, application-code: 141ms)
Updated location for user dsiddharth550@gmail.com: IP=::1, Country=Not detected, Action=login
 POST /api/user/location 200 in 121ms (next.js: 11ms, application-code: 110ms)
 GET /api/wishlist 200 in 245ms (next.js: 25ms, application-code: 220ms)
Fetching purchased resources for user ID: 6a646862b7bdcc67d763f4c7
Session user email: dsiddharth550@gmail.com
User found: dsiddharth550@gmail.com
Purchased resources count: 1
Purchased resource IDs: [ '6a8f44d4fafe8a5087a89a8e' ]
 GET /api/user/purchased-resources 200 in 115ms (next.js: 4ms, application-code: 111ms)
 GET /api/wishlist 200 in 166ms (next.js: 5ms, application-code: 160ms)
 GET /api/wishlist 200 in 198ms (next.js: 10ms, application-code: 187ms)
 GET /api/wishlist 200 in 185ms (next.js: 5ms, application-code: 180ms)
 GET /api/wishlist 200 in 179ms (next.js: 6ms, application-code: 173ms)
 GET /api/wishlist 200 in 196ms (next.js: 4ms, application-code: 192ms)
 GET /api/wishlist 200 in 170ms (next.js: 5ms, application-code: 165ms)
 GET /api/wishlist 200 in 180ms (next.js: 9ms, application-code: 171ms)
 GET /api/wishlist 200 in 177ms (next.js: 6ms, application-code: 171ms)
 GET /api/wishlist 200 in 184ms (next.js: 7ms, application-code: 177ms)
 GET /api/wishlist 200 in 191ms (next.js: 7ms, application-code: 183ms)
 GET /api/wishlist 200 in 179ms (next.js: 4ms, application-code: 175ms)
 GET /api/wishlist 200 in 193ms (next.js: 3ms, application-code: 190ms)
 GET /api/wishlist 200 in 187ms (next.js: 4ms, application-code: 183ms)
 GET /api/wishlist 200 in 178ms (next.js: 4ms, application-code: 174ms)
[?25h
